# pc instr address address_known memrw funct3 byte_mask write_data (hex)
00000100 fff00093 ffffffff 00000001 00000000 00000000 00000000 00000000
00000104 00100113 00000001 00000001 00000000 00000000 00000000 00000000
00000108 800001b7 00000000 00000001 00000000 00000000 00000000 00000000
0000010c 80000237 00000000 00000001 00000000 00000000 00000000 00000000
00000110 fff20213 7fffffff 00000001 00000000 00000000 00000000 00000000
00000114 02100293 00000021 00000001 00000000 00000000 00000000 00000000
00000118 00300313 00000003 00000001 00000000 00000000 00000000 00000000
0000011c 08000393 00000080 00000001 00000000 00000000 00000000 00000000
00000120 00000e93 00000000 00000001 00000000 00000000 00000000 00000000
00000124 00208533 00000000 00000001 00000000 00000000 00000000 00000000
00000128 00a3a023 00000080 00000001 00000001 00000002 0000000f 00000000
0000012c 40610533 fffffffe 00000001 00000000 00000000 00000000 00000000
00000130 00a3a223 00000084 00000001 00000001 00000002 0000000f fffffffe
00000134 0011f533 7fffffff 00000001 00000000 00000007 00000000 00000000
00000138 00a3a423 00000088 00000001 00000001 00000002 0000000f 80000000
0000013c 0021e533 80000001 00000001 00000000 00000006 00000000 00000000
00000140 00a3a623 0000008c 00000001 00000001 00000002 0000000f 80000001
00000144 0030c533 7fffffff 00000001 00000000 00000004 00000000 00000000
00000148 00a3a823 00000090 00000001 00000001 00000002 0000000f 7fffffff
0000014c 00531533 00000024 00000001 00000000 00000001 00000000 00000000
00000150 00a3aa23 00000094 00000001 00000001 00000002 0000000f 00000006
00000154 0051d533 80000021 00000001 00000000 00000005 00000000 00000000
00000158 00a3ac23 00000098 00000001 00000001 00000002 0000000f 40000000
0000015c 4051d533 7fffffdf 00000001 00000000 00000005 00000000 00000000
00000160 00a3ae23 0000009c 00000001 00000001 00000002 0000000f c0000000
00000164 0041a533 00000001 00000001 00000000 00000002 00000000 00000000
00000168 02a3a023 000000a0 00000001 00000001 00000002 0000000f 00000001
0000016c 0020b533 fffffffe 00000001 00000000 00000003 00000000 00000000
00000170 02a3a223 000000a4 00000001 00000001 00000002 0000000f 00000000
00000174 ff710513 fffffff8 00000001 00000000 00000000 00000000 00000000
00000178 02a3a423 000000a8 00000001 00000001 00000002 0000000f fffffff8
0000017c 0050f513 00000004 00000001 00000000 00000007 00000000 00000000
00000180 02a3a623 000000ac 00000001 00000001 00000002 0000000f 00000005
00000184 0011e513 80000001 00000001 00000000 00000006 00000000 00000000
00000188 02a3a823 000000b0 00000001 00000001 00000002 0000000f 80000001
0000018c fff1c513 7fffffff 00000001 00000000 00000004 00000000 00000000
00000190 02a3aa23 000000b4 00000001 00000001 00000002 0000000f 7fffffff
00000194 00431513 00000007 00000001 00000000 00000001 00000000 00000000
00000198 02a3ac23 000000b8 00000001 00000001 00000002 0000000f 00000030
0000019c 0041d513 80000004 00000001 00000000 00000005 00000000 00000000
000001a0 02a3ae23 000000bc 00000001 00000001 00000002 0000000f 08000000
000001a4 4041d513 7ffffbfc 00000001 00000000 00000005 00000000 00000000
000001a8 04a3a023 000000c0 00000001 00000001 00000002 0000000f f8000000
000001ac fff12513 00000002 00000001 00000000 00000002 00000000 00000000
000001b0 04a3a223 000000c4 00000001 00000001 00000002 0000000f 00000000
000001b4 fff13513 00000002 00000001 00000000 00000003 00000000 00000000
000001b8 04a3a423 000000c8 00000001 00000001 00000002 0000000f 00000001
000001bc fffff537 00000000 00000000 00000000 00000007 00000000 00000000
000001c0 04a3a623 000000cc 00000001 00000001 00000002 0000000f fffff000
000001c4 00001517 000011c4 00000001 00000000 00000001 00000000 00000000
000001c8 04a3a823 000000d0 00000001 00000001 00000002 0000000f 000011c4
000001cc 00210463 000001d4 00000001 00000000 00000000 00000000 00000000
000001d4 00208463 000001dc 00000001 00000000 00000000 00000000 00000000
000001d8 001e8e93 00000001 00000001 00000000 00000000 00000000 00000000
000001dc 00209463 000001e4 00000001 00000000 00000001 00000000 00000000
000001e4 00211463 000001ec 00000001 00000000 00000001 00000000 00000000
000001e8 001e8e93 00000002 00000001 00000000 00000000 00000000 00000000
000001ec 0041c463 000001f4 00000001 00000000 00000004 00000000 00000000
000001f4 00324463 000001fc 00000001 00000000 00000004 00000000 00000000
000001f8 001e8e93 00000003 00000001 00000000 00000000 00000000 00000000
000001fc 00325463 00000204 00000001 00000000 00000005 00000000 00000000
00000204 0041d463 0000020c 00000001 00000000 00000005 00000000 00000000
00000208 001e8e93 00000004 00000001 00000000 00000000 00000000 00000000
0000020c 00116463 00000214 00000001 00000000 00000006 00000000 00000000
00000214 0020e463 0000021c 00000001 00000000 00000006 00000000 00000000
00000218 001e8e93 00000005 00000001 00000000 00000000 00000000 00000000
0000021c 0020f463 00000224 00000001 00000000 00000007 00000000 00000000
00000224 00117463 0000022c 00000001 00000000 00000007 00000000 00000000
00000228 001e8e93 00000006 00000001 00000000 00000000 00000000 00000000
0000022c 05d3aa23 000000d4 00000001 00000001 00000002 0000000f 00000006
00000230 00800f6f 00000238 00000001 00000000 00000000 00000000 00000000
00000238 05e3ac23 000000d8 00000001 00000001 00000002 0000000f 00000234
0000023c 00000497 0000023c 00000001 00000000 00000000 00000000 00000000
00000240 01448493 00000250 00000001 00000000 00000000 00000000 00000000
00000244 0014e493 00000251 00000001 00000000 00000006 00000000 00000000
00000248 00048f67 00000250 00000001 00000000 00000000 00000000 00000000
00000250 05e3ae23 000000dc 00000001 00000001 00000002 0000000f 0000024c
00000254 00302023 00000000 00000001 00000001 00000002 0000000f 80000000
00000258 00100023 00000000 00000001 00000001 00000000 00000001 ffffffff
0000025c 000085b7 ffffffff 00000001 00000000 00000000 00000000 00000000
00000260 00158593 00008001 00000001 00000000 00000000 00000000 00000000
00000264 00b01123 00000002 00000001 00000001 00000001 0000000c 00008001
00000268 00000503 00000000 00000001 00000002 00000000 00000000 00000000
0000026c 06a3a023 000000e0 00000001 00000001 00000002 0000000f ffffffff
00000270 00004503 00000000 00000001 00000002 00000004 00000000 00000000
00000274 06a3a223 000000e4 00000001 00000001 00000002 0000000f 000000ff
00000278 00201503 00000002 00000001 00000002 00000001 00000000 00000000
0000027c 06a3a423 000000e8 00000001 00000001 00000002 0000000f ffff8001
00000280 00205503 00000002 00000001 00000002 00000005 00000000 00000000
00000284 06a3a623 000000ec 00000001 00000001 00000002 0000000f 00008001
00000288 00002503 00000000 00000001 00000002 00000002 00000000 00000000
0000028c 06a3a823 000000f0 00000001 00000001 00000002 0000000f 800100ff
00000290 001010a3 00000001 00000001 00000001 00000001 00000000 ffffffff
00000294 00102503 00000001 00000001 00000002 00000002 00000000 00000000
00000298 06a3aa23 000000f4 00000001 00000001 00000002 0000000f 00000000
0000029c 02000033 00000000 00000001 00000000 00000000 00000000 00000000
000002a0 00003003 00000000 00000001 00000000 00000003 00000000 00000000
000002a4 00004023 00000000 00000001 00000000 00000004 00000000 00000000
000002a8 00001067 00000000 00000001 00000000 00000001 00000000 00000000
000002ac 0e002e23 000000fc 00000001 00000001 00000002 0000000f 00000000
000002b0 0eb00fa3 000000ff 00000001 00000001 00000000 00000008 00008001
000002b4 0fc02503 000000fc 00000001 00000002 00000002 00000000 00000000
000002b8 06a3ac23 000000f8 00000001 00000001 00000002 0000000f 01000000
000002bc 00002503 00000000 00000001 00000002 00000002 00000000 00000000
000002c0 06a3a823 000000f0 00000001 00000001 00000002 0000000f 800100ff
000002c4 00000063 000002c4 00000001 00000000 00000000 00000000 00000000
000002c4 00000063 000002c4 00000001 00000000 00000000 00000000 00000000
000002c4 00000063 000002c4 00000001 00000000 00000000 00000000 00000000
000002c4 00000063 000002c4 00000001 00000000 00000000 00000000 00000000
000002c4 00000063 000002c4 00000001 00000000 00000000 00000000 00000000
